#
# There is insufficient memory for the Java Runtime Environment to continue.
# Native memory allocation (mmap) failed to map 22020096 bytes. Error detail: G1 virtual space
# Possible reasons:
#   The system is out of physical RAM or swap space
#   This process is running with CompressedOops enabled, and the Java Heap may be blocking the growth of the native heap
# Possible solutions:
#   Reduce memory load on the system
#   Increase physical memory or swap space
#   Check if swap backing store is full
#   Decrease Java heap size (-Xmx/-Xms)
#   Decrease number of Java threads
#   Decrease Java thread stack sizes (-Xss)
#   Set larger code cache with -XX:ReservedCodeCacheSize=
#   JVM is running with Unscaled Compressed Oops mode in which the Java heap is
#     placed in the first 4GB address space. The Java Heap base address is the
#     maximum limit for the native heap growth. Please use -XX:HeapBaseMinAddress
#     to set the Java Heap base and to place the Java Heap above 4GB virtual address.
# This output file may be truncated or incomplete.
#
#  Out of Memory Error (os_windows.cpp:3926), pid=28140, tid=6528
#
# JRE version: OpenJDK Runtime Environment (21.0.10) (build 21.0.10+-14961533-b1163.108)
# Java VM: OpenJDK 64-Bit Server VM (21.0.10+-14961533-b1163.108, mixed mode, tiered, compressed oops, compressed class ptrs, g1 gc, windows-amd64)
# No core dump will be written. Minidumps are not enabled by default on client versions of Windows
#

---------------  S U M M A R Y ------------

Command Line: org.jetbrains.kotlin.cli.jvm.K2JVMCompiler @C:\Users\roemm\StudioProjects\ProfeDex\app\build\20260525_16577287124429319430.compiler.options

Host: AMD Ryzen 5 7535HS with Radeon Graphics        , 12 cores, 7G,  Windows 11 , 64 bit Build 26100 (10.0.26100.8328)
Time: Mon May 25 19:11:47 2026 Hora estándar central (México) elapsed time: 5.755741 seconds (0d 0h 0m 5s)

---------------  T H R E A D  ---------------

Current thread (0x0000020ddf783080):  VMThread "VM Thread"          [id=6528, stack(0x000000d0a9400000,0x000000d0a9500000) (1024K)]

Stack: [0x000000d0a9400000,0x000000d0a9500000]
Native frames: (J=compiled Java code, j=interpreted, Vv=VM code, C=native code)
V  [jvm.dll+0x6d78a9]
V  [jvm.dll+0x8665b3]
V  [jvm.dll+0x868bde]
V  [jvm.dll+0x8692c3]
V  [jvm.dll+0x280ee6]
V  [jvm.dll+0x6d4165]
V  [jvm.dll+0x6c77fa]
V  [jvm.dll+0x358f4b]
V  [jvm.dll+0x360bc6]
V  [jvm.dll+0x3b2ea6]
V  [jvm.dll+0x3b3178]
V  [jvm.dll+0x32b65c]
V  [jvm.dll+0x32b6e7]
V  [jvm.dll+0x3715cc]
V  [jvm.dll+0x36fd7e]
V  [jvm.dll+0x32adb1]
V  [jvm.dll+0x36f480]
V  [jvm.dll+0x86f048]
V  [jvm.dll+0x870394]
V  [jvm.dll+0x8708d0]
V  [jvm.dll+0x870b63]
V  [jvm.dll+0x80fd28]
V  [jvm.dll+0x6d60fd]
C  [ucrtbase.dll+0x37b0]
C  [KERNEL32.DLL+0x2e957]
C  [ntdll.dll+0x427c]

VM_Operation (0x000000d0a8df9df0): G1CollectForAllocation, mode: safepoint, requested by thread 0x0000020dc5a95330


---------------  P R O C E S S  ---------------

Threads class SMR info:
_java_thread_list=0x0000020de50cfb30, length=11, elements={
0x0000020dc5a95330, 0x0000020ddf7c7d40, 0x0000020ddf7dfc30, 0x0000020ddf7e0690,
0x0000020ddf7cd220, 0x0000020ddf7cdc80, 0x0000020ddf7ce810, 0x0000020ddf7cf270,
0x0000020ddf804820, 0x0000020ddf8072d0, 0x0000020ddf996db0
}

Java Threads: ( => current thread )
  0x0000020dc5a95330 JavaThread "main"                              [_thread_blocked, id=37792, stack(0x000000d0a8d00000,0x000000d0a8e00000) (1024K)]
  0x0000020ddf7c7d40 JavaThread "Common-Cleaner"             daemon [_thread_blocked, id=3992, stack(0x000000d0a9500000,0x000000d0a9600000) (1024K)]
  0x0000020ddf7dfc30 JavaThread "Reference Handler"          daemon [_thread_blocked, id=4060, stack(0x000000d0a9600000,0x000000d0a9700000) (1024K)]
  0x0000020ddf7e0690 JavaThread "Finalizer"                  daemon [_thread_blocked, id=26108, stack(0x000000d0a9700000,0x000000d0a9800000) (1024K)]
  0x0000020ddf7cd220 JavaThread "Signal Dispatcher"          daemon [_thread_blocked, id=18908, stack(0x000000d0a9800000,0x000000d0a9900000) (1024K)]
  0x0000020ddf7cdc80 JavaThread "Attach Listener"            daemon [_thread_blocked, id=5600, stack(0x000000d0a9900000,0x000000d0a9a00000) (1024K)]
  0x0000020ddf7ce810 JavaThread "Service Thread"             daemon [_thread_blocked, id=26660, stack(0x000000d0a9a00000,0x000000d0a9b00000) (1024K)]
  0x0000020ddf7cf270 JavaThread "Monitor Deflation Thread"   daemon [_thread_blocked, id=34068, stack(0x000000d0a9b00000,0x000000d0a9c00000) (1024K)]
  0x0000020ddf804820 JavaThread "C2 CompilerThread0"         daemon [_thread_blocked, id=36532, stack(0x000000d0a9c00000,0x000000d0a9d00000) (1024K)]
  0x0000020ddf8072d0 JavaThread "C1 CompilerThread0"         daemon [_thread_blocked, id=26840, stack(0x000000d0a9d00000,0x000000d0a9e00000) (1024K)]
  0x0000020ddf996db0 JavaThread "Notification Thread"        daemon [_thread_blocked, id=7740, stack(0x000000d0a9e00000,0x000000d0a9f00000) (1024K)]
Total: 11

Other Threads:
=>0x0000020ddf783080 VMThread "VM Thread"                           [id=6528, stack(0x000000d0a9400000,0x000000d0a9500000) (1024K)]
  0x0000020ddf5c7af0 WatcherThread "VM Periodic Task Thread"        [id=37884, stack(0x000000d0a9300000,0x000000d0a9400000) (1024K)]
  0x0000020dc7e8be60 WorkerThread "GC Thread#0"                     [id=5092, stack(0x000000d0a8e00000,0x000000d0a8f00000) (1024K)]
  0x0000020de45d0fc0 WorkerThread "GC Thread#1"                     [id=36764, stack(0x000000d0a9f00000,0x000000d0aa000000) (1024K)]
  0x0000020de461a2a0 WorkerThread "GC Thread#2"                     [id=19380, stack(0x000000d0aa000000,0x000000d0aa100000) (1024K)]
  0x0000020de461a650 WorkerThread "GC Thread#3"                     [id=28236, stack(0x000000d0aa100000,0x000000d0aa200000) (1024K)]
  0x0000020de461aa00 WorkerThread "GC Thread#4"                     [id=21916, stack(0x000000d0aa200000,0x000000d0aa300000) (1024K)]
  0x0000020de460c380 WorkerThread "GC Thread#5"                     [id=34760, stack(0x000000d0aa300000,0x000000d0aa400000) (1024K)]
  0x0000020de4a88f20 WorkerThread "GC Thread#6"                     [id=36120, stack(0x000000d0aa400000,0x000000d0aa500000) (1024K)]
  0x0000020de4a892d0 WorkerThread "GC Thread#7"                     [id=27652, stack(0x000000d0aa500000,0x000000d0aa600000) (1024K)]
  0x0000020de4aae890 WorkerThread "GC Thread#8"                     [id=29912, stack(0x000000d0aa900000,0x000000d0aaa00000) (1024K)]
  0x0000020de4aaec40 WorkerThread "GC Thread#9"                     [id=25880, stack(0x000000d0aaa00000,0x000000d0aab00000) (1024K)]
  0x0000020dc7e9b7e0 ConcurrentGCThread "G1 Main Marker"            [id=35344, stack(0x000000d0a8f00000,0x000000d0a9000000) (1024K)]
  0x0000020dc7e9f760 WorkerThread "G1 Conc#0"                       [id=7648, stack(0x000000d0a9000000,0x000000d0a9100000) (1024K)]
  0x0000020de45a5de0 WorkerThread "G1 Conc#1"                       [id=18864, stack(0x000000d0aa600000,0x000000d0aa700000) (1024K)]
  0x0000020de4aaf3a0 WorkerThread "G1 Conc#2"                       [id=24832, stack(0x000000d0aa700000,0x000000d0aa800000) (1024K)]
  0x0000020dc7efe490 ConcurrentGCThread "G1 Refine#0"               [id=29000, stack(0x000000d0a9100000,0x000000d0a9200000) (1024K)]
  0x0000020ddf49b140 ConcurrentGCThread "G1 Service"                [id=28164, stack(0x000000d0a9200000,0x000000d0a9300000) (1024K)]
Total: 18

Threads with active compile tasks:
C2 CompilerThread0  5781 3924       4       org.jetbrains.kotlin.com.intellij.openapi.vfs.VirtualFile::getExtension (24 bytes)
C1 CompilerThread0  5781 5065       3       org.jetbrains.kotlin.kotlinx.collections.immutable.implementations.immutableList.BufferIterator::<init> (18 bytes)
Total: 2

VM state: at safepoint (normal execution)

VM Mutex/Monitor currently owned by a thread:  ([mutex/lock_event])
[0x00007ffcf4e986d0] Threads_lock - owner thread: 0x0000020ddf783080
[0x00007ffcf4e987d0] Heap_lock - owner thread: 0x0000020dc5a95330

Heap address: 0x000000008ac00000, size: 1876 MB, Compressed Oops mode: 32-bit

CDS archive(s) not mapped
Compressed class space mapped at: 0x0000000100000000-0x0000000140000000, reserved size: 1073741824
Narrow klass base: 0x0000000000000000, Narrow klass shift: 3, Narrow klass range: 0x140000000

GC Precious Log:
 CardTable entry size: 512
 Card Set container configuration: InlinePtr #cards 5 size 8 Array Of Cards #cards 12 size 40 Howl #buckets 4 coarsen threshold 1843 Howl Bitmap #cards 512 size 80 coarsen threshold 460 Card regions per heap region 1 cards per card region 2048
 CPUs: 12 total, 12 available
 Memory: 7498M
 Large Page Support: Disabled
 NUMA Support: Disabled
 Compressed Oops: Enabled (32-bit)
 Heap Region Size: 1M
 Heap Min Capacity: 8M
 Heap Initial Capacity: 118M
 Heap Max Capacity: 1876M
 Pre-touch: Disabled
 Parallel Workers: 10
 Concurrent Workers: 3
 Concurrent Refinement Workers: 10
 Periodic GC: Disabled

Heap:
 garbage-first heap   total 106496K, used 59263K [0x000000008ac00000, 0x0000000100000000)
  region size 1024K, 3 young (3072K), 3 survivors (3072K)
 Metaspace       used 54299K, committed 54592K, reserved 1114112K
  class space    used 6288K, committed 6400K, reserved 1048576K

Heap Regions: E=young(eden), S=young(survivor), O=old, HS=humongous(starts), HC=humongous(continues), CS=collection set, F=free, TAMS=top-at-mark-start, PB=parsable bottom
|   0|0x000000008ac00000, 0x000000008ad00000, 0x000000008ad00000|100%|HS|  |TAMS 0x000000008ac00000| PB 0x000000008ac00000| Complete 
|   1|0x000000008ad00000, 0x000000008ae00000, 0x000000008ae00000|100%|HC|  |TAMS 0x000000008ad00000| PB 0x000000008ad00000| Complete 
|   2|0x000000008ae00000, 0x000000008af00000, 0x000000008af00000|100%|HC|  |TAMS 0x000000008ae00000| PB 0x000000008ae00000| Complete 
|   3|0x000000008af00000, 0x000000008b000000, 0x000000008b000000|100%| O|  |TAMS 0x000000008af00000| PB 0x000000008af00000| Untracked 
|   4|0x000000008b000000, 0x000000008b100000, 0x000000008b100000|100%| O|  |TAMS 0x000000008b000000| PB 0x000000008b000000| Untracked 
|   5|0x000000008b100000, 0x000000008b200000, 0x000000008b200000|100%| O|  |TAMS 0x000000008b100000| PB 0x000000008b100000| Untracked 
|   6|0x000000008b200000, 0x000000008b300000, 0x000000008b300000|100%| O|  |TAMS 0x000000008b200000| PB 0x000000008b200000| Untracked 
|   7|0x000000008b300000, 0x000000008b400000, 0x000000008b400000|100%| O|  |TAMS 0x000000008b300000| PB 0x000000008b300000| Untracked 
|   8|0x000000008b400000, 0x000000008b500000, 0x000000008b500000|100%| O|  |TAMS 0x000000008b400000| PB 0x000000008b400000| Untracked 
|   9|0x000000008b500000, 0x000000008b600000, 0x000000008b600000|100%| O|  |TAMS 0x000000008b500000| PB 0x000000008b500000| Untracked 
|  10|0x000000008b600000, 0x000000008b700000, 0x000000008b700000|100%| O|  |TAMS 0x000000008b600000| PB 0x000000008b600000| Untracked 
|  11|0x000000008b700000, 0x000000008b800000, 0x000000008b800000|100%| O|  |TAMS 0x000000008b700000| PB 0x000000008b700000| Untracked 
|  12|0x000000008b800000, 0x000000008b900000, 0x000000008b900000|100%| O|  |TAMS 0x000000008b800000| PB 0x000000008b800000| Untracked 
|  13|0x000000008b900000, 0x000000008ba00000, 0x000000008ba00000|100%| O|  |TAMS 0x000000008b900000| PB 0x000000008b900000| Untracked 
|  14|0x000000008ba00000, 0x000000008bb00000, 0x000000008bb00000|100%| O|  |TAMS 0x000000008ba00000| PB 0x000000008ba00000| Untracked 
|  15|0x000000008bb00000, 0x000000008bc00000, 0x000000008bc00000|100%| O|  |TAMS 0x000000008bb00000| PB 0x000000008bb00000| Untracked 
|  16|0x000000008bc00000, 0x000000008bd00000, 0x000000008bd00000|100%| O|  |TAMS 0x000000008bc00000| PB 0x000000008bc00000| Untracked 
|  17|0x000000008bd00000, 0x000000008be00000, 0x000000008be00000|100%| O|  |TAMS 0x000000008bd00000| PB 0x000000008bd00000| Untracked 
|  18|0x000000008be00000, 0x000000008bf00000, 0x000000008bf00000|100%| O|  |TAMS 0x000000008be00000| PB 0x000000008be00000| Untracked 
|  19|0x000000008bf00000, 0x000000008c000000, 0x000000008c000000|100%| O|  |TAMS 0x000000008bf00000| PB 0x000000008bf00000| Untracked 
|  20|0x000000008c000000, 0x000000008c100000, 0x000000008c100000|100%| O|  |TAMS 0x000000008c000000| PB 0x000000008c000000| Untracked 
|  21|0x000000008c100000, 0x000000008c200000, 0x000000008c200000|100%| O|  |TAMS 0x000000008c100000| PB 0x000000008c100000| Untracked 
|  22|0x000000008c200000, 0x000000008c300000, 0x000000008c300000|100%| O|  |TAMS 0x000000008c200000| PB 0x000000008c200000| Untracked 
|  23|0x000000008c300000, 0x000000008c400000, 0x000000008c400000|100%| O|  |TAMS 0x000000008c300000| PB 0x000000008c300000| Untracked 
|  24|0x000000008c400000, 0x000000008c500000, 0x000000008c500000|100%| O|  |TAMS 0x000000008c400000| PB 0x000000008c400000| Untracked 
|  25|0x000000008c500000, 0x000000008c600000, 0x000000008c600000|100%| O|  |TAMS 0x000000008c500000| PB 0x000000008c500000| Untracked 
|  26|0x000000008c600000, 0x000000008c700000, 0x000000008c700000|100%| O|  |TAMS 0x000000008c600000| PB 0x000000008c600000| Untracked 
|  27|0x000000008c700000, 0x000000008c800000, 0x000000008c800000|100%| O|  |TAMS 0x000000008c700000| PB 0x000000008c700000| Untracked 
|  28|0x000000008c800000, 0x000000008c900000, 0x000000008c900000|100%|HS|  |TAMS 0x000000008c800000| PB 0x000000008c800000| Complete 
|  29|0x000000008c900000, 0x000000008ca00000, 0x000000008ca00000|100%| O|  |TAMS 0x000000008c900000| PB 0x000000008c900000| Untracked 
|  30|0x000000008ca00000, 0x000000008cb00000, 0x000000008cb00000|100%| O|  |TAMS 0x000000008ca00000| PB 0x000000008ca00000| Untracked 
|  31|0x000000008cb00000, 0x000000008cc00000, 0x000000008cc00000|100%| O|  |TAMS 0x000000008cb00000| PB 0x000000008cb00000| Untracked 
|  32|0x000000008cc00000, 0x000000008cd00000, 0x000000008cd00000|100%| O|  |TAMS 0x000000008cc00000| PB 0x000000008cc00000| Untracked 
|  33|0x000000008cd00000, 0x000000008ce00000, 0x000000008ce00000|100%| O|  |TAMS 0x000000008cd00000| PB 0x000000008cd00000| Untracked 
|  34|0x000000008ce00000, 0x000000008cf00000, 0x000000008cf00000|100%| O|  |TAMS 0x000000008ce00000| PB 0x000000008ce00000| Untracked 
|  35|0x000000008cf00000, 0x000000008d000000, 0x000000008d000000|100%| O|  |TAMS 0x000000008cf00000| PB 0x000000008cf00000| Untracked 
|  36|0x000000008d000000, 0x000000008d100000, 0x000000008d100000|100%| O|  |TAMS 0x000000008d000000| PB 0x000000008d000000| Untracked 
|  37|0x000000008d100000, 0x000000008d200000, 0x000000008d200000|100%| O|  |TAMS 0x000000008d100000| PB 0x000000008d100000| Untracked 
|  38|0x000000008d200000, 0x000000008d300000, 0x000000008d300000|100%| O|  |TAMS 0x000000008d200000| PB 0x000000008d200000| Untracked 
|  39|0x000000008d300000, 0x000000008d400000, 0x000000008d400000|100%| O|  |TAMS 0x000000008d300000| PB 0x000000008d300000| Untracked 
|  40|0x000000008d400000, 0x000000008d500000, 0x000000008d500000|100%| O|  |TAMS 0x000000008d400000| PB 0x000000008d400000| Untracked 
|  41|0x000000008d500000, 0x000000008d600000, 0x000000008d600000|100%| O|  |TAMS 0x000000008d500000| PB 0x000000008d500000| Untracked 
|  42|0x000000008d600000, 0x000000008d700000, 0x000000008d700000|100%| O|  |TAMS 0x000000008d600000| PB 0x000000008d600000| Untracked 
|  43|0x000000008d700000, 0x000000008d800000, 0x000000008d800000|100%| O|  |TAMS 0x000000008d700000| PB 0x000000008d700000| Untracked 
|  44|0x000000008d800000, 0x000000008d900000, 0x000000008d900000|100%| O|  |TAMS 0x000000008d800000| PB 0x000000008d800000| Untracked 
|  45|0x000000008d900000, 0x000000008da00000, 0x000000008da00000|100%| O|  |TAMS 0x000000008d900000| PB 0x000000008d900000| Untracked 
|  46|0x000000008da00000, 0x000000008db00000, 0x000000008db00000|100%| O|  |TAMS 0x000000008da00000| PB 0x000000008da00000| Untracked 
|  47|0x000000008db00000, 0x000000008dc00000, 0x000000008dc00000|100%| O|  |TAMS 0x000000008db00000| PB 0x000000008db00000| Untracked 
|  48|0x000000008dc00000, 0x000000008dd00000, 0x000000008dd00000|100%| O|  |TAMS 0x000000008dc00000| PB 0x000000008dc00000| Untracked 
|  49|0x000000008dd00000, 0x000000008de00000, 0x000000008de00000|100%| O|  |TAMS 0x000000008dd00000| PB 0x000000008dd00000| Untracked 
|  50|0x000000008de00000, 0x000000008de00000, 0x000000008df00000|  0%| F|  |TAMS 0x000000008de00000| PB 0x000000008de00000| Untracked 
|  51|0x000000008df00000, 0x000000008df00000, 0x000000008e000000|  0%| F|  |TAMS 0x000000008df00000| PB 0x000000008df00000| Untracked 
|  52|0x000000008e000000, 0x000000008e000000, 0x000000008e100000|  0%| F|  |TAMS 0x000000008e000000| PB 0x000000008e000000| Untracked 
|  53|0x000000008e100000, 0x000000008e100000, 0x000000008e200000|  0%| F|  |TAMS 0x000000008e100000| PB 0x000000008e100000| Untracked 
|  54|0x000000008e200000, 0x000000008e200000, 0x000000008e300000|  0%| F|  |TAMS 0x000000008e200000| PB 0x000000008e200000| Untracked 
|  55|0x000000008e300000, 0x000000008e300000, 0x000000008e400000|  0%| F|  |TAMS 0x000000008e300000| PB 0x000000008e300000| Untracked 
|  56|0x000000008e400000, 0x000000008e400000, 0x000000008e500000|  0%| F|  |TAMS 0x000000008e400000| PB 0x000000008e400000| Untracked 
|  57|0x000000008e500000, 0x000000008e5dffe0, 0x000000008e600000| 87%| S|CS|TAMS 0x000000008e500000| PB 0x000000008e500000| Complete 
|  58|0x000000008e600000, 0x000000008e700000, 0x000000008e700000|100%| S|CS|TAMS 0x000000008e600000| PB 0x000000008e600000| Complete 
|  59|0x000000008e700000, 0x000000008e800000, 0x000000008e800000|100%| S|CS|TAMS 0x000000008e700000| PB 0x000000008e700000| Complete 
|  60|0x000000008e800000, 0x000000008e800000, 0x000000008e900000|  0%| F|  |TAMS 0x000000008e800000| PB 0x000000008e800000| Untracked 
|  61|0x000000008e900000, 0x000000008e900000, 0x000000008ea00000|  0%| F|  |TAMS 0x000000008e900000| PB 0x000000008e900000| Untracked 
|  62|0x000000008ea00000, 0x000000008ea00000, 0x000000008eb00000|  0%| F|  |TAMS 0x000000008ea00000| PB 0x000000008ea00000| Untracked 
|  63|0x000000008eb00000, 0x000000008eb00000, 0x000000008ec00000|  0%| F|  |TAMS 0x000000008eb00000| PB 0x000000008eb00000| Untracked 
|  64|0x000000008ec00000, 0x000000008ec00000, 0x000000008ed00000|  0%| F|  |TAMS 0x000000008ec00000| PB 0x000000008ec00000| Untracked 
|  65|0x000000008ed00000, 0x000000008ed00000, 0x000000008ee00000|  0%| F|  |TAMS 0x000000008ed00000| PB 0x000000008ed00000| Untracked 
|  66|0x000000008ee00000, 0x000000008ee00000, 0x000000008ef00000|  0%| F|  |TAMS 0x000000008ee00000| PB 0x000000008ee00000| Untracked 
|  67|0x000000008ef00000, 0x000000008ef00000, 0x000000008f000000|  0%| F|  |TAMS 0x000000008ef00000| PB 0x000000008ef00000| Untracked 
|  68|0x000000008f000000, 0x000000008f000000, 0x000000008f100000|  0%| F|  |TAMS 0x000000008f000000| PB 0x000000008f000000| Untracked 
|  69|0x000000008f100000, 0x000000008f100000, 0x000000008f200000|  0%| F|  |TAMS 0x000000008f100000| PB 0x000000008f100000| Untracked 
|  70|0x000000008f200000, 0x000000008f200000, 0x000000008f300000|  0%| F|  |TAMS 0x000000008f200000| PB 0x000000008f200000| Untracked 
|  71|0x000000008f300000, 0x000000008f300000, 0x000000008f400000|  0%| F|  |TAMS 0x000000008f300000| PB 0x000000008f300000| Untracked 
|  72|0x000000008f400000, 0x000000008f400000, 0x000000008f500000|  0%| F|  |TAMS 0x000000008f400000| PB 0x000000008f400000| Untracked 
|  73|0x000000008f500000, 0x000000008f500000, 0x000000008f600000|  0%| F|  |TAMS 0x000000008f500000| PB 0x000000008f500000| Untracked 
|  74|0x000000008f600000, 0x000000008f600000, 0x000000008f700000|  0%| F|  |TAMS 0x000000008f600000| PB 0x000000008f600000| Untracked 
|  75|0x000000008f700000, 0x000000008f700000, 0x000000008f800000|  0%| F|  |TAMS 0x000000008f700000| PB 0x000000008f700000| Untracked 
|  76|0x000000008f800000, 0x000000008f800000, 0x000000008f900000|  0%| F|  |TAMS 0x000000008f800000| PB 0x000000008f800000| Untracked 
|  77|0x000000008f900000, 0x000000008f900000, 0x000000008fa00000|  0%| F|  |TAMS 0x000000008f900000| PB 0x000000008f900000| Untracked 
|  78|0x000000008fa00000, 0x000000008fa00000, 0x000000008fb00000|  0%| F|  |TAMS 0x000000008fa00000| PB 0x000000008fa00000| Untracked 
|  79|0x000000008fb00000, 0x000000008fb00000, 0x000000008fc00000|  0%| F|  |TAMS 0x000000008fb00000| PB 0x000000008fb00000| Untracked 
|  80|0x000000008fc00000, 0x000000008fc00000, 0x000000008fd00000|  0%| F|  |TAMS 0x000000008fc00000| PB 0x000000008fc00000| Untracked 
|  81|0x000000008fd00000, 0x000000008fd00000, 0x000000008fe00000|  0%| F|  |TAMS 0x000000008fd00000| PB 0x000000008fd00000| Untracked 
|  82|0x000000008fe00000, 0x000000008fe00000, 0x000000008ff00000|  0%| F|  |TAMS 0x000000008fe00000| PB 0x000000008fe00000| Untracked 
|  83|0x000000008ff00000, 0x000000008ff00000, 0x0000000090000000|  0%| F|  |TAMS 0x000000008ff00000| PB 0x000000008ff00000| Untracked 
|  84|0x0000000090000000, 0x0000000090000000, 0x0000000090100000|  0%| F|  |TAMS 0x0000000090000000| PB 0x0000000090000000| Untracked 
|  85|0x0000000090100000, 0x0000000090100000, 0x0000000090200000|  0%| F|  |TAMS 0x0000000090100000| PB 0x0000000090100000| Untracked 
|  86|0x0000000090200000, 0x0000000090200000, 0x0000000090300000|  0%| F|  |TAMS 0x0000000090200000| PB 0x0000000090200000| Untracked 
|  87|0x0000000090300000, 0x0000000090300000, 0x0000000090400000|  0%| F|  |TAMS 0x0000000090300000| PB 0x0000000090300000| Untracked 
|  88|0x0000000090400000, 0x0000000090400000, 0x0000000090500000|  0%| F|  |TAMS 0x0000000090400000| PB 0x0000000090400000| Untracked 
|  89|0x0000000090500000, 0x0000000090500000, 0x0000000090600000|  0%| F|  |TAMS 0x0000000090500000| PB 0x0000000090500000| Untracked 
|  90|0x0000000090600000, 0x0000000090600000, 0x0000000090700000|  0%| F|  |TAMS 0x0000000090600000| PB 0x0000000090600000| Untracked 
|  91|0x0000000090700000, 0x0000000090700000, 0x0000000090800000|  0%| F|  |TAMS 0x0000000090700000| PB 0x0000000090700000| Untracked 
|  92|0x0000000090800000, 0x0000000090800000, 0x0000000090900000|  0%| F|  |TAMS 0x0000000090800000| PB 0x0000000090800000| Untracked 
|  93|0x0000000090900000, 0x0000000090900000, 0x0000000090a00000|  0%| F|  |TAMS 0x0000000090900000| PB 0x0000000090900000| Untracked 
|  94|0x0000000090a00000, 0x0000000090a00000, 0x0000000090b00000|  0%| F|  |TAMS 0x0000000090a00000| PB 0x0000000090a00000| Untracked 
|  95|0x0000000090b00000, 0x0000000090b00000, 0x0000000090c00000|  0%| F|  |TAMS 0x0000000090b00000| PB 0x0000000090b00000| Untracked 
| 117|0x0000000092100000, 0x0000000092100000, 0x0000000092200000|  0%| F|  |TAMS 0x0000000092100000| PB 0x0000000092100000| Untracked 
|1869|0x00000000ff900000, 0x00000000ff900000, 0x00000000ffa00000|  0%| F|  |TAMS 0x00000000ff900000| PB 0x00000000ff900000| Untracked 
|1870|0x00000000ffa00000, 0x00000000ffb00000, 0x00000000ffb00000|100%| O|  |TAMS 0x00000000ffa00000| PB 0x00000000ffa00000| Untracked 
|1871|0x00000000ffb00000, 0x00000000ffb00000, 0x00000000ffc00000|  0%| F|  |TAMS 0x00000000ffb00000| PB 0x00000000ffb00000| Untracked 
|1872|0x00000000ffc00000, 0x00000000ffd00000, 0x00000000ffd00000|100%| O|  |TAMS 0x00000000ffc00000| PB 0x00000000ffc00000| Untracked 
|1873|0x00000000ffd00000, 0x00000000ffe00000, 0x00000000ffe00000|100%| O|  |TAMS 0x00000000ffd00000| PB 0x00000000ffd00000| Untracked 
|1874|0x00000000ffe00000, 0x00000000fff00000, 0x00000000fff00000|100%| O|  |TAMS 0x00000000ffe00000| PB 0x00000000ffe00000| Untracked 
|1875|0x00000000fff00000, 0x0000000100000000, 0x0000000100000000|100%| O|  |TAMS 0x00000000fff00000| PB 0x00000000fff00000| Untracked 

Card table byte_map: [0x0000020dda8a0000,0x0000020ddac50000] _byte_map_base: 0x0000020dda44a000

Marking Bits: (CMBitMap*) 0x0000020dc7e8c480
 Bits: [0x0000020ddac50000, 0x0000020ddc9a0000)

Polling page: 0x0000020dc5c30000

Metaspace:

Usage:
  Non-class:     46.89 MB used.
      Class:      6.14 MB used.
       Both:     53.03 MB used.

Virtual space:
  Non-class space:       64.00 MB reserved,      47.06 MB ( 74%) committed,  1 nodes.
      Class space:        1.00 GB reserved,       6.25 MB ( <1%) committed,  1 nodes.
             Both:        1.06 GB reserved,      53.31 MB (  5%) committed. 

Chunk freelists:
   Non-Class:  352.00 KB
       Class:  9.77 MB
        Both:  10.11 MB

MaxMetaspaceSize: unlimited
CompressedClassSpaceSize: 1.00 GB
Initial GC threshold: 21.00 MB
Current GC threshold: 84.81 MB
CDS: off
 - commit_granule_bytes: 65536.
 - commit_granule_words: 8192.
 - virtual_space_node_default_size: 8388608.
 - enlarge_chunks_in_place: 1.
 - use_allocation_guard: 0.


Internal statistics:

num_allocs_failed_limit: 3.
num_arena_births: 226.
num_arena_deaths: 0.
num_vsnodes_births: 2.
num_vsnodes_deaths: 0.
num_space_committed: 851.
num_space_uncommitted: 0.
num_chunks_returned_to_freelist: 3.
num_chunks_taken_from_freelist: 1770.
num_chunk_merges: 3.
num_chunk_splits: 1496.
num_chunks_enlarged: 1356.
num_inconsistent_stats: 0.

CodeHeap 'non-profiled nmethods': size=120000Kb used=2027Kb max_used=2027Kb free=117972Kb
 bounds [0x0000020dd2a70000, 0x0000020dd2ce0000, 0x0000020dd9fa0000]
CodeHeap 'profiled nmethods': size=120000Kb used=8656Kb max_used=8656Kb free=111343Kb
 bounds [0x0000020dcafa0000, 0x0000020dcb820000, 0x0000020dd24d0000]
CodeHeap 'non-nmethods': size=5760Kb used=1472Kb max_used=1501Kb free=4287Kb
 bounds [0x0000020dd24d0000, 0x0000020dd2740000, 0x0000020dd2a70000]
CodeCache: size=245760Kb, used=12155Kb, max_used=12184Kb, free=233602Kb
 total_blobs=5140, nmethods=4496, adapters=547, full_count=0
Compilation: enabled, stopped_count=0, restarted_count=0

Compilation events (20 events):
Event: 4.679 Thread 0x0000020ddf804820 4781       4       sun.nio.fs.WindowsPath::startsWith (105 bytes)
Event: 4.692 Thread 0x0000020ddf804820 nmethod 4781 0x0000020dd2c68910 code [0x0000020dd2c68b40, 0x0000020dd2c69418]
Event: 4.692 Thread 0x0000020ddf804820 4778       4       kotlin.jvm.internal.Intrinsics::checkNotNull (9 bytes)
Event: 4.692 Thread 0x0000020ddf804820 nmethod 4778 0x0000020dd2c69c10 code [0x0000020dd2c69da0, 0x0000020dd2c69e28]
Event: 4.692 Thread 0x0000020ddf804820 3933       4       java.lang.invoke.DirectMethodHandle$Holder::newInvokeSpecial (21 bytes)
Event: 4.694 Thread 0x0000020ddf804820 nmethod 3933 0x0000020dd2c69f10 code [0x0000020dd2c6a0c0, 0x0000020dd2c6a2e8]
Event: 4.694 Thread 0x0000020ddf804820 3920       4       org.jetbrains.kotlin.load.java.structure.impl.classFiles.CommonMixinsKt::isSet (12 bytes)
Event: 4.694 Thread 0x0000020ddf804820 nmethod 3920 0x0000020dd2c6a490 code [0x0000020dd2c6a600, 0x0000020dd2c6a670]
Event: 4.694 Thread 0x0000020ddf804820 4779       4       org.jetbrains.kotlin.it.unimi.dsi.fastutil.objects.ObjectOpenHashSet$a::hasNext (11 bytes)
Event: 4.694 Thread 0x0000020ddf804820 nmethod 4779 0x0000020dd2c6a790 code [0x0000020dd2c6a920, 0x0000020dd2c6a9b8]
Event: 4.694 Thread 0x0000020ddf804820 4795       4       kotlin.collections.CollectionsKt__MutableCollectionsKt::addAll (74 bytes)
Event: 4.695 Thread 0x0000020ddf804820 nmethod 4795 0x0000020dd2c6aa90 code [0x0000020dd2c6ac20, 0x0000020dd2c6ad68]
Event: 4.695 Thread 0x0000020ddf804820 3924       4       org.jetbrains.kotlin.com.intellij.openapi.vfs.VirtualFile::getExtension (24 bytes)
Event: 4.697 Thread 0x0000020ddf8072d0 5062       3       java.lang.invoke.MemberName::equals (24 bytes)
Event: 4.697 Thread 0x0000020ddf8072d0 nmethod 5062 0x0000020dcb813390 code [0x0000020dcb813560, 0x0000020dcb8138d8]
Event: 4.705 Thread 0x0000020ddf8072d0 5063       3       org.jetbrains.kotlin.kotlinx.collections.immutable.implementations.immutableList.AbstractListIterator::hasPrevious (13 bytes)
Event: 4.705 Thread 0x0000020ddf8072d0 nmethod 5063 0x0000020dcb813990 code [0x0000020dcb813b20, 0x0000020dcb813c80]
Event: 4.707 Thread 0x0000020ddf8072d0 5064       3       org.jetbrains.kotlin.kotlinx.collections.immutable.implementations.immutableList.SmallPersistentVector::listIterator (28 bytes)
Event: 4.707 Thread 0x0000020ddf8072d0 nmethod 5064 0x0000020dcb813d10 code [0x0000020dcb813f80, 0x0000020dcb8148e8]
Event: 4.707 Thread 0x0000020ddf8072d0 5065       3       org.jetbrains.kotlin.kotlinx.collections.immutable.implementations.immutableList.BufferIterator::<init> (18 bytes)

GC Heap History (20 events):
Event: 1.972 GC heap after
{Heap after GC invocations=6 (full 0):
 garbage-first heap   total 37888K, used 19968K [0x000000008ac00000, 0x0000000100000000)
  region size 1024K, 2 young (2048K), 2 survivors (2048K)
 Metaspace       used 26941K, committed 27264K, reserved 1114112K
  class space    used 2967K, committed 3136K, reserved 1048576K
}
Event: 2.142 GC heap before
{Heap before GC invocations=6 (full 0):
 garbage-first heap   total 37888K, used 29184K [0x000000008ac00000, 0x0000000100000000)
  region size 1024K, 11 young (11264K), 2 survivors (2048K)
 Metaspace       used 28617K, committed 28928K, reserved 1114112K
  class space    used 3149K, committed 3264K, reserved 1048576K
}
Event: 2.145 GC heap after
{Heap after GC invocations=7 (full 0):
 garbage-first heap   total 60416K, used 22272K [0x000000008ac00000, 0x0000000100000000)
  region size 1024K, 2 young (2048K), 2 survivors (2048K)
 Metaspace       used 28617K, committed 28928K, reserved 1114112K
  class space    used 3149K, committed 3264K, reserved 1048576K
}
Event: 2.584 GC heap before
{Heap before GC invocations=8 (full 0):
 garbage-first heap   total 60416K, used 44800K [0x000000008ac00000, 0x0000000100000000)
  region size 1024K, 25 young (25600K), 2 survivors (2048K)
 Metaspace       used 34666K, committed 34880K, reserved 1114112K
  class space    used 4313K, committed 4416K, reserved 1048576K
}
Event: 2.588 GC heap after
{Heap after GC invocations=9 (full 0):
 garbage-first heap   total 60416K, used 24131K [0x000000008ac00000, 0x0000000100000000)
  region size 1024K, 4 young (4096K), 4 survivors (4096K)
 Metaspace       used 34666K, committed 34880K, reserved 1114112K
  class space    used 4313K, committed 4416K, reserved 1048576K
}
Event: 2.866 GC heap before
{Heap before GC invocations=9 (full 0):
 garbage-first heap   total 60416K, used 46659K [0x000000008ac00000, 0x0000000100000000)
  region size 1024K, 26 young (26624K), 4 survivors (4096K)
 Metaspace       used 38157K, committed 38400K, reserved 1114112K
  class space    used 4682K, committed 4800K, reserved 1048576K
}
Event: 2.877 GC heap after
{Heap after GC invocations=10 (full 0):
 garbage-first heap   total 60416K, used 27254K [0x000000008ac00000, 0x0000000100000000)
  region size 1024K, 4 young (4096K), 4 survivors (4096K)
 Metaspace       used 38157K, committed 38400K, reserved 1114112K
  class space    used 4682K, committed 4800K, reserved 1048576K
}
Event: 3.266 GC heap before
{Heap before GC invocations=10 (full 0):
 garbage-first heap   total 60416K, used 46710K [0x000000008ac00000, 0x0000000100000000)
  region size 1024K, 24 young (24576K), 4 survivors (4096K)
 Metaspace       used 43711K, committed 43968K, reserved 1114112K
  class space    used 5239K, committed 5376K, reserved 1048576K
}
Event: 3.272 GC heap after
{Heap after GC invocations=11 (full 0):
 garbage-first heap   total 60416K, used 28929K [0x000000008ac00000, 0x0000000100000000)
  region size 1024K, 2 young (2048K), 2 survivors (2048K)
 Metaspace       used 43711K, committed 43968K, reserved 1114112K
  class space    used 5239K, committed 5376K, reserved 1048576K
}
Event: 3.601 GC heap before
{Heap before GC invocations=11 (full 0):
 garbage-first heap   total 60416K, used 49409K [0x000000008ac00000, 0x0000000100000000)
  region size 1024K, 22 young (22528K), 2 survivors (2048K)
 Metaspace       used 47036K, committed 47296K, reserved 1114112K
  class space    used 5551K, committed 5696K, reserved 1048576K
}
Event: 3.608 GC heap after
{Heap after GC invocations=12 (full 0):
 garbage-first heap   total 72704K, used 32068K [0x000000008ac00000, 0x0000000100000000)
  region size 1024K, 3 young (3072K), 3 survivors (3072K)
 Metaspace       used 47036K, committed 47296K, reserved 1114112K
  class space    used 5551K, committed 5696K, reserved 1048576K
}
Event: 4.063 GC heap before
{Heap before GC invocations=13 (full 0):
 garbage-first heap   total 72704K, used 58692K [0x000000008ac00000, 0x0000000100000000)
  region size 1024K, 29 young (29696K), 3 survivors (3072K)
 Metaspace       used 50645K, committed 50944K, reserved 1114112K
  class space    used 5943K, committed 6080K, reserved 1048576K
}
Event: 4.071 GC heap after
{Heap after GC invocations=14 (full 0):
 garbage-first heap   total 72704K, used 36213K [0x000000008ac00000, 0x0000000100000000)
  region size 1024K, 4 young (4096K), 4 survivors (4096K)
 Metaspace       used 50645K, committed 50944K, reserved 1114112K
  class space    used 5943K, committed 6080K, reserved 1048576K
}
Event: 4.180 GC heap before
{Heap before GC invocations=14 (full 0):
 garbage-first heap   total 72704K, used 60789K [0x000000008ac00000, 0x0000000100000000)
  region size 1024K, 28 young (28672K), 4 survivors (4096K)
 Metaspace       used 51299K, committed 51584K, reserved 1114112K
  class space    used 5996K, committed 6144K, reserved 1048576K
}
Event: 4.194 GC heap after
{Heap after GC invocations=15 (full 0):
 garbage-first heap   total 74752K, used 45056K [0x000000008ac00000, 0x0000000100000000)
  region size 1024K, 4 young (4096K), 4 survivors (4096K)
 Metaspace       used 51299K, committed 51584K, reserved 1114112K
  class space    used 5996K, committed 6144K, reserved 1048576K
}
Event: 4.339 GC heap before
{Heap before GC invocations=15 (full 0):
 garbage-first heap   total 74752K, used 62464K [0x000000008ac00000, 0x0000000100000000)
  region size 1024K, 21 young (21504K), 4 survivors (4096K)
 Metaspace       used 51777K, committed 52032K, reserved 1114112K
  class space    used 6023K, committed 6144K, reserved 1048576K
}
Event: 4.349 GC heap after
{Heap after GC invocations=16 (full 0):
 garbage-first heap   total 74752K, used 51200K [0x000000008ac00000, 0x0000000100000000)
  region size 1024K, 3 young (3072K), 3 survivors (3072K)
 Metaspace       used 51777K, committed 52032K, reserved 1114112K
  class space    used 6023K, committed 6144K, reserved 1048576K
}
Event: 4.464 GC heap before
{Heap before GC invocations=17 (full 0):
 garbage-first heap   total 86016K, used 64512K [0x000000008ac00000, 0x0000000100000000)
  region size 1024K, 16 young (16384K), 3 survivors (3072K)
 Metaspace       used 51916K, committed 52160K, reserved 1114112K
  class space    used 6033K, committed 6144K, reserved 1048576K
}
Event: 4.470 GC heap after
{Heap after GC invocations=18 (full 0):
 garbage-first heap   total 86016K, used 55960K [0x000000008ac00000, 0x0000000100000000)
  region size 1024K, 2 young (2048K), 2 survivors (2048K)
 Metaspace       used 51916K, committed 52160K, reserved 1114112K
  class space    used 6033K, committed 6144K, reserved 1048576K
}
Event: 4.708 GC heap before
{Heap before GC invocations=18 (full 0):
 garbage-first heap   total 86016K, used 71320K [0x000000008ac00000, 0x0000000100000000)
  region size 1024K, 18 young (18432K), 2 survivors (2048K)
 Metaspace       used 54299K, committed 54592K, reserved 1114112K
  class space    used 6288K, committed 6400K, reserved 1048576K
}

Dll operation events (3 events):
Event: 0.019 Loaded shared library C:\Program Files\Android\Android Studio\jbr\bin\java.dll
Event: 0.027 Loaded shared library C:\Program Files\Android\Android Studio\jbr\bin\zip.dll
Event: 1.581 Loaded shared library C:\Program Files\Android\Android Studio\jbr\bin\verify.dll

Deoptimization events (20 events):
Event: 4.501 Thread 0x0000020dc5a95330 DEOPT PACKING pc=0x0000020dd2afa690 sp=0x000000d0a8dfa780
Event: 4.501 Thread 0x0000020dc5a95330 DEOPT UNPACKING pc=0x0000020dd25243a2 sp=0x000000d0a8dfa700 mode 2
Event: 4.501 Thread 0x0000020dc5a95330 Uncommon trap: trap_request=0xffffffde fr.pc=0x0000020dd2c207a0 relative=0x00000000000002e0
Event: 4.501 Thread 0x0000020dc5a95330 Uncommon trap: reason=class_check action=maybe_recompile pc=0x0000020dd2c207a0 method=org.jetbrains.kotlin.com.intellij.openapi.util.io.FileUtilRt.getNameWithoutExtension(Ljava/lang/CharSequence;)Ljava/lang/CharSequence; @ 14 c2
Event: 4.501 Thread 0x0000020dc5a95330 DEOPT PACKING pc=0x0000020dd2c207a0 sp=0x000000d0a8dfa7c0
Event: 4.501 Thread 0x0000020dc5a95330 DEOPT UNPACKING pc=0x0000020dd25243a2 sp=0x000000d0a8dfa768 mode 2
Event: 4.501 Thread 0x0000020dc5a95330 Uncommon trap: trap_request=0xffffffde fr.pc=0x0000020dd2afa690 relative=0x00000000000001f0
Event: 4.501 Thread 0x0000020dc5a95330 Uncommon trap: reason=class_check action=maybe_recompile pc=0x0000020dd2afa690 method=org.jetbrains.kotlin.com.intellij.openapi.util.text.StringUtilRt.lastIndexOf(Ljava/lang/CharSequence;CII)I @ 17 c2
Event: 4.501 Thread 0x0000020dc5a95330 DEOPT PACKING pc=0x0000020dd2afa690 sp=0x000000d0a8dfa750
Event: 4.501 Thread 0x0000020dc5a95330 DEOPT UNPACKING pc=0x0000020dd25243a2 sp=0x000000d0a8dfa6f0 mode 2
Event: 4.501 Thread 0x0000020dc5a95330 Uncommon trap: trap_request=0xffffffde fr.pc=0x0000020dd2c207a0 relative=0x00000000000002e0
Event: 4.501 Thread 0x0000020dc5a95330 Uncommon trap: reason=class_check action=maybe_recompile pc=0x0000020dd2c207a0 method=org.jetbrains.kotlin.com.intellij.openapi.util.io.FileUtilRt.getNameWithoutExtension(Ljava/lang/CharSequence;)Ljava/lang/CharSequence; @ 14 c2
Event: 4.501 Thread 0x0000020dc5a95330 DEOPT PACKING pc=0x0000020dd2c207a0 sp=0x000000d0a8dfa7c0
Event: 4.501 Thread 0x0000020dc5a95330 DEOPT UNPACKING pc=0x0000020dd25243a2 sp=0x000000d0a8dfa768 mode 2
Event: 4.501 Thread 0x0000020dc5a95330 Uncommon trap: trap_request=0xffffffde fr.pc=0x0000020dd2c207a0 relative=0x00000000000002e0
Event: 4.501 Thread 0x0000020dc5a95330 Uncommon trap: reason=class_check action=maybe_recompile pc=0x0000020dd2c207a0 method=org.jetbrains.kotlin.com.intellij.openapi.util.io.FileUtilRt.getNameWithoutExtension(Ljava/lang/CharSequence;)Ljava/lang/CharSequence; @ 14 c2
Event: 4.501 Thread 0x0000020dc5a95330 DEOPT PACKING pc=0x0000020dd2c207a0 sp=0x000000d0a8dfa7c0
Event: 4.501 Thread 0x0000020dc5a95330 DEOPT UNPACKING pc=0x0000020dd25243a2 sp=0x000000d0a8dfa768 mode 2
Event: 4.580 Thread 0x0000020dc5a95330 DEOPT PACKING pc=0x0000020dcb294b3d sp=0x000000d0a8dfa6c0
Event: 4.580 Thread 0x0000020dc5a95330 DEOPT UNPACKING pc=0x0000020dd2524b42 sp=0x000000d0a8df9b50 mode 0

Classes loaded (20 events):
Event: 3.562 Loading class java/util/PriorityQueue
Event: 3.563 Loading class java/util/PriorityQueue done
Event: 3.720 Loading class java/security/AccessControlException
Event: 3.720 Loading class java/security/AccessControlException done
Event: 3.724 Loading class java/lang/annotation/ElementType
Event: 3.724 Loading class java/lang/annotation/ElementType done
Event: 3.724 Loading class java/lang/Override
Event: 3.724 Loading class java/lang/Override done
Event: 3.855 Loading class java/util/concurrent/atomic/AtomicIntegerArray
Event: 3.855 Loading class java/util/concurrent/atomic/AtomicIntegerArray done
Event: 3.855 Loading class java/util/concurrent/atomic/AtomicLongArray
Event: 3.855 Loading class java/util/concurrent/atomic/AtomicLongArray done
Event: 3.919 Loading class java/text/StringCharacterIterator
Event: 3.919 Loading class java/text/CharacterIterator
Event: 3.920 Loading class java/text/CharacterIterator done
Event: 3.920 Loading class java/text/StringCharacterIterator done
Event: 4.087 Loading class java/util/ArrayList$SubList$1
Event: 4.087 Loading class java/util/ArrayList$SubList$1 done
Event: 4.141 Loading class java/util/AbstractList$ListItr
Event: 4.141 Loading class java/util/AbstractList$ListItr done

Classes unloaded (0 events):
No events

Classes redefined (0 events):
No events

Internal exceptions (20 events):
Event: 1.653 Thread 0x0000020dc5a95330 Exception <a 'java/lang/NoSuchMethodError'{0x000000008b754b18}: 'java.lang.Object java.lang.invoke.DelegatingMethodHandle$Holder.reinvoke_L(java.lang.Object, int, long, java.lang.Object, java.lang.Object, int, java.lang.Object)'> (0x000000008b754b18) 
thrown [s\src\hotspot\share\interpreter\linkResolver.cpp, line 784]
Event: 1.675 Thread 0x0000020dc5a95330 Exception <a 'java/lang/NoSuchMethodError'{0x000000008b603820}: 'java.lang.Object java.lang.invoke.DirectMethodHandle$Holder.invokeStatic(java.lang.Object, java.lang.Object, long, long)'> (0x000000008b603820) 
thrown [s\src\hotspot\share\interpreter\linkResolver.cpp, line 784]
Event: 1.680 Thread 0x0000020dc5a95330 Exception <a 'java/lang/NoSuchMethodError'{0x000000008b636b50}: 'java.lang.Object java.lang.invoke.DirectMethodHandle$Holder.newInvokeSpecial(java.lang.Object, java.lang.Object, java.lang.Object, long)'> (0x000000008b636b50) 
thrown [s\src\hotspot\share\interpreter\linkResolver.cpp, line 784]
Event: 1.681 Thread 0x0000020dc5a95330 Exception <a 'java/lang/NoSuchMethodError'{0x000000008b63a6c0}: 'java.lang.Object java.lang.invoke.Invokers$Holder.linkToTargetMethod(java.lang.Object, java.lang.Object, long, java.lang.Object)'> (0x000000008b63a6c0) 
thrown [s\src\hotspot\share\interpreter\linkResolver.cpp, line 784]
Event: 1.749 Thread 0x0000020dc5a95330 Implicit null exception at 0x0000020dd2af1b67 to 0x0000020dd2af1f70
Event: 1.759 Thread 0x0000020dc5a95330 Implicit null exception at 0x0000020dd2afbd52 to 0x0000020dd2afc4b8
Event: 2.697 Thread 0x0000020dc5a95330 Exception <a 'java/lang/NoSuchMethodError'{0x000000008d62cca8}: 'java.lang.Object java.lang.invoke.DirectMethodHandle$Holder.newInvokeSpecial(java.lang.Object, java.lang.Object, java.lang.Object, java.lang.Object, java.lang.Object, java.lang.Object)'> (0x000000008d62cca8) 
thrown [s\src\hotspot\share\interpreter\linkResolver.cpp, line 784]
Event: 2.707 Thread 0x0000020dc5a95330 Exception <a 'java/lang/NoSuchMethodError'{0x000000008d6cf400}: 'java.lang.Object java.lang.invoke.DirectMethodHandle$Holder.newInvokeSpecial(java.lang.Object, java.lang.Object, java.lang.Object, java.lang.Object, java.lang.Object, java.lang.Object, java.lang.Object)'> (0x000000008d6cf400) 
thrown [s\src\hotspot\share\interpreter\linkResolver.cpp, line 784]
Event: 3.028 Thread 0x0000020dc5a95330 Exception <a 'java/lang/NoSuchMethodError'{0x000000008da3c568}: 'java.lang.Object java.lang.invoke.DirectMethodHandle$Holder.newInvokeSpecial(java.lang.Object, java.lang.Object, int, int)'> (0x000000008da3c568) 
thrown [s\src\hotspot\share\interpreter\linkResolver.cpp, line 784]
Event: 3.028 Thread 0x0000020dc5a95330 Exception <a 'java/lang/NoSuchMethodError'{0x000000008da40578}: 'java.lang.Object java.lang.invoke.DirectMethodHandle$Holder.invokeSpecial(java.lang.Object, java.lang.Object, java.lang.Object, int, int)'> (0x000000008da40578) 
thrown [s\src\hotspot\share\interpreter\linkResolver.cpp, line 784]
Event: 3.164 Thread 0x0000020dc5a95330 Exception <a 'java/lang/NoSuchMethodError'{0x000000008d20aa40}: 'java.lang.Object java.lang.invoke.DirectMethodHandle$Holder.newInvokeSpecial(java.lang.Object, java.lang.Object, java.lang.Object, int)'> (0x000000008d20aa40) 
thrown [s\src\hotspot\share\interpreter\linkResolver.cpp, line 784]
Event: 3.164 Thread 0x0000020dc5a95330 Exception <a 'java/lang/NoSuchMethodError'{0x000000008d20e950}: 'java.lang.Object java.lang.invoke.DirectMethodHandle$Holder.invokeSpecial(java.lang.Object, java.lang.Object, java.lang.Object, java.lang.Object, int)'> (0x000000008d20e950) 
thrown [s\src\hotspot\share\interpreter\linkResolver.cpp, line 784]
Event: 3.164 Thread 0x0000020dc5a95330 Exception <a 'java/lang/NoSuchMethodError'{0x000000008d211df8}: 'java.lang.Object java.lang.invoke.Invokers$Holder.linkToTargetMethod(java.lang.Object, java.lang.Object, int, java.lang.Object)'> (0x000000008d211df8) 
thrown [s\src\hotspot\share\interpreter\linkResolver.cpp, line 784]
Event: 3.395 Thread 0x0000020dc5a95330 Implicit null exception at 0x0000020dd2bafe63 to 0x0000020dd2bafef5
Event: 3.692 Thread 0x0000020dc5a95330 Exception <a 'java/lang/NoSuchMethodError'{0x000000008eafd528}: 'java.lang.Object java.lang.invoke.DirectMethodHandle$Holder.newInvokeSpecial(java.lang.Object, java.lang.Object, java.lang.Object, int, java.lang.Object)'> (0x000000008eafd528) 
thrown [s\src\hotspot\share\interpreter\linkResolver.cpp, line 784]
Event: 3.791 Thread 0x0000020dc5a95330 Exception <a 'java/lang/NoSuchMethodError'{0x000000008e57c868}: 'java.lang.Object java.lang.invoke.DirectMethodHandle$Holder.newInvokeSpecial(java.lang.Object, java.lang.Object, java.lang.Object, java.lang.Object, int)'> (0x000000008e57c868) 
thrown [s\src\hotspot\share\interpreter\linkResolver.cpp, line 784]
Event: 3.791 Thread 0x0000020dc5a95330 Exception <a 'java/lang/NoSuchMethodError'{0x000000008e580c70}: 'java.lang.Object java.lang.invoke.DirectMethodHandle$Holder.invokeSpecial(java.lang.Object, java.lang.Object, java.lang.Object, java.lang.Object, java.lang.Object, int)'> (0x000000008e580c70) 
thrown [s\src\hotspot\share\interpreter\linkResolver.cpp, line 784]
Event: 3.792 Thread 0x0000020dc5a95330 Exception <a 'java/lang/NoSuchMethodError'{0x000000008e5849b0}: 'java.lang.Object java.lang.invoke.Invokers$Holder.linkToTargetMethod(java.lang.Object, java.lang.Object, java.lang.Object, int, java.lang.Object)'> (0x000000008e5849b0) 
thrown [s\src\hotspot\share\interpreter\linkResolver.cpp, line 784]
Event: 3.817 Thread 0x0000020dc5a95330 Implicit null exception at 0x0000020dd2b2400d to 0x0000020dd2b2482a
Event: 3.821 Thread 0x0000020dc5a95330 Implicit null exception at 0x0000020dd2ab3e3d to 0x0000020dd2ab3eb9

ZGC Phase Switch (0 events):
No events

VM Operations (20 events):
Event: 3.954 Executing non-safepoint VM operation: HandshakeAllThreads (Deoptimize) done
Event: 4.062 Executing safepoint VM operation: G1CollectForAllocation (G1 Evacuation Pause)
Event: 4.071 Executing safepoint VM operation: G1CollectForAllocation (G1 Evacuation Pause) done
Event: 4.142 Executing non-safepoint VM operation: HandshakeAllThreads (Deoptimize)
Event: 4.142 Executing non-safepoint VM operation: HandshakeAllThreads (Deoptimize) done
Event: 4.180 Executing safepoint VM operation: G1CollectForAllocation (G1 Evacuation Pause)
Event: 4.194 Executing safepoint VM operation: G1CollectForAllocation (G1 Evacuation Pause) done
Event: 4.339 Executing safepoint VM operation: G1CollectForAllocation (G1 Evacuation Pause)
Event: 4.349 Executing safepoint VM operation: G1CollectForAllocation (G1 Evacuation Pause) done
Event: 4.373 Executing safepoint VM operation: G1PauseRemark
Event: 4.379 Executing safepoint VM operation: G1PauseRemark done
Event: 4.387 Executing safepoint VM operation: G1PauseCleanup
Event: 4.387 Executing safepoint VM operation: G1PauseCleanup done
Event: 4.464 Executing safepoint VM operation: G1CollectForAllocation (G1 Evacuation Pause)
Event: 4.470 Executing safepoint VM operation: G1CollectForAllocation (G1 Evacuation Pause) done
Event: 4.523 Executing non-safepoint VM operation: HandshakeAllThreads (Deoptimize)
Event: 4.523 Executing non-safepoint VM operation: HandshakeAllThreads (Deoptimize) done
Event: 4.545 Executing non-safepoint VM operation: HandshakeAllThreads (Deoptimize)
Event: 4.545 Executing non-safepoint VM operation: HandshakeAllThreads (Deoptimize) done
Event: 4.708 Executing safepoint VM operation: G1CollectForAllocation (G1 Evacuation Pause)

Memory protections (0 events):
No events

Nmethod flushes (20 events):
Event: 4.378 Thread 0x0000020ddf783080 flushing  nmethod 0x0000020dcb464390
Event: 4.378 Thread 0x0000020ddf783080 flushing  nmethod 0x0000020dcb465390
Event: 4.378 Thread 0x0000020ddf783080 flushing  nmethod 0x0000020dcb46de10
Event: 4.378 Thread 0x0000020ddf783080 flushing  nmethod 0x0000020dcb46e210
Event: 4.378 Thread 0x0000020ddf783080 flushing  nmethod 0x0000020dcb479890
Event: 4.378 Thread 0x0000020ddf783080 flushing  nmethod 0x0000020dcb479c10
Event: 4.378 Thread 0x0000020ddf783080 flushing  nmethod 0x0000020dcb47a290
Event: 4.378 Thread 0x0000020ddf783080 flushing  nmethod 0x0000020dcb49d290
Event: 4.378 Thread 0x0000020ddf783080 flushing  nmethod 0x0000020dcb49f190
Event: 4.378 Thread 0x0000020ddf783080 flushing  nmethod 0x0000020dcb4b2890
Event: 4.378 Thread 0x0000020ddf783080 flushing  nmethod 0x0000020dcb531810
Event: 4.378 Thread 0x0000020ddf783080 flushing  nmethod 0x0000020dcb573910
Event: 4.378 Thread 0x0000020ddf783080 flushing  nmethod 0x0000020dcb5c7410
Event: 4.378 Thread 0x0000020ddf783080 flushing  nmethod 0x0000020dcb5ca110
Event: 4.378 Thread 0x0000020ddf783080 flushing  nmethod 0x0000020dcb5cae90
Event: 4.378 Thread 0x0000020ddf783080 flushing  nmethod 0x0000020dcb5cb290
Event: 4.378 Thread 0x0000020ddf783080 flushing  nmethod 0x0000020dcb5cbb10
Event: 4.378 Thread 0x0000020ddf783080 flushing  nmethod 0x0000020dcb5cd310
Event: 4.378 Thread 0x0000020ddf783080 flushing  nmethod 0x0000020dcb5cd890
Event: 4.378 Thread 0x0000020ddf783080 flushing  nmethod 0x0000020dcb5cdd10

Events (20 events):
Event: 0.103 Thread 0x0000020dc5a95330 Thread added: 0x0000020ddf7e0690
Event: 0.105 Thread 0x0000020dc5a95330 Thread added: 0x0000020ddf7cd220
Event: 0.106 Thread 0x0000020dc5a95330 Thread added: 0x0000020ddf7cdc80
Event: 0.106 Thread 0x0000020dc5a95330 Thread added: 0x0000020ddf7ce810
Event: 0.107 Thread 0x0000020dc5a95330 Thread added: 0x0000020ddf7cf270
Event: 0.107 Thread 0x0000020dc5a95330 Thread added: 0x0000020ddf804820
Event: 0.107 Thread 0x0000020dc5a95330 Thread added: 0x0000020ddf8072d0
Event: 0.169 Thread 0x0000020dc5a95330 Thread added: 0x0000020ddf996db0
Event: 0.189 Loaded shared library C:\Program Files\Android\Android Studio\jbr\bin\net.dll
Event: 0.193 Loaded shared library C:\Program Files\Android\Android Studio\jbr\bin\nio.dll
Event: 0.215 Thread 0x0000020ddf804820 Thread added: 0x0000020ddfa38550
Event: 0.215 Thread 0x0000020ddf804820 Thread added: 0x0000020ddfa3dc20
Event: 0.230 Loaded shared library C:\Program Files\Android\Android Studio\jbr\bin\zip.dll
Event: 0.315 Loaded shared library C:\Program Files\Android\Android Studio\jbr\bin\jimage.dll
Event: 0.644 Loaded shared library C:\Program Files\Android\Android Studio\jbr\bin\management.dll
Event: 0.655 Loaded shared library C:\Program Files\Android\Android Studio\jbr\bin\management_ext.dll
Event: 0.688 Thread 0x0000020ddfa3dc20 Thread exited: 0x0000020ddfa3dc20
Event: 0.728 Thread 0x0000020ddfa38550 Thread exited: 0x0000020ddfa38550
Event: 1.695 Thread 0x0000020ddf8072d0 Thread added: 0x0000020de4e17170
Event: 2.858 Thread 0x0000020de4e17170 Thread exited: 0x0000020de4e17170


Dynamic libraries:
0x00007ff784ce0000 - 0x00007ff784cea000 	C:\Program Files\Android\Android Studio\jbr\bin\java.exe
0x00007ffd876c0000 - 0x00007ffd87927000 	C:\WINDOWS\SYSTEM32\ntdll.dll
0x00007ffd86550000 - 0x00007ffd86619000 	C:\WINDOWS\System32\KERNEL32.DLL
0x00007ffd84290000 - 0x00007ffd84687000 	C:\WINDOWS\System32\KERNELBASE.dll
0x00007ffd84a80000 - 0x00007ffd84bcb000 	C:\WINDOWS\System32\ucrtbase.dll
0x00007ffd70230000 - 0x00007ffd70248000 	C:\Program Files\Android\Android Studio\jbr\bin\jli.dll
0x00007ffd72860000 - 0x00007ffd7287b000 	C:\Program Files\Android\Android Studio\jbr\bin\VCRUNTIME140.dll
0x00007ffd85e20000 - 0x00007ffd85fe6000 	C:\WINDOWS\System32\USER32.dll
0x00007ffd84260000 - 0x00007ffd84287000 	C:\WINDOWS\System32\win32u.dll
0x00007ffd6aef0000 - 0x00007ffd6b182000 	C:\WINDOWS\WinSxS\amd64_microsoft.windows.common-controls_6595b64144ccf1df_6.0.26100.8457_none_3e0b2faee331e92d\COMCTL32.dll
0x00007ffd86050000 - 0x00007ffd8607b000 	C:\WINDOWS\System32\GDI32.dll
0x00007ffd86c70000 - 0x00007ffd86d19000 	C:\WINDOWS\System32\msvcrt.dll
0x00007ffd848a0000 - 0x00007ffd849cc000 	C:\WINDOWS\System32\gdi32full.dll
0x00007ffd840f0000 - 0x00007ffd84193000 	C:\WINDOWS\System32\msvcp_win.dll
0x00007ffd86100000 - 0x00007ffd86132000 	C:\WINDOWS\System32\IMM32.DLL
0x00007ffd754a0000 - 0x00007ffd754ac000 	C:\Program Files\Android\Android Studio\jbr\bin\vcruntime140_1.dll
0x00007ffd6fc90000 - 0x00007ffd6fd1d000 	C:\Program Files\Android\Android Studio\jbr\bin\msvcp140.dll
0x00007ffcf42e0000 - 0x00007ffcf4f76000 	C:\Program Files\Android\Android Studio\jbr\bin\server\jvm.dll
0x00007ffd87450000 - 0x00007ffd87506000 	C:\WINDOWS\System32\ADVAPI32.dll
0x00007ffd86320000 - 0x00007ffd863c7000 	C:\WINDOWS\System32\sechost.dll
0x00007ffd86620000 - 0x00007ffd86738000 	C:\WINDOWS\System32\RPCRT4.dll
0x00007ffd863e0000 - 0x00007ffd86460000 	C:\WINDOWS\System32\WS2_32.dll
0x00007ffd83f50000 - 0x00007ffd83fae000 	C:\WINDOWS\SYSTEM32\POWRPROF.dll
0x00007ffd7bde0000 - 0x00007ffd7bdeb000 	C:\WINDOWS\SYSTEM32\VERSION.dll
0x00007ffd75f50000 - 0x00007ffd75f86000 	C:\WINDOWS\SYSTEM32\WINMM.dll
0x00007ffd83f30000 - 0x00007ffd83f44000 	C:\WINDOWS\SYSTEM32\UMPDC.dll
0x00007ffd82e80000 - 0x00007ffd82e9b000 	C:\WINDOWS\SYSTEM32\kernel.appcore.dll
0x00007ffd75310000 - 0x00007ffd7531a000 	C:\Program Files\Android\Android Studio\jbr\bin\jimage.dll
0x00007ffd7a900000 - 0x00007ffd7ab42000 	C:\WINDOWS\SYSTEM32\DBGHELP.DLL
0x00007ffd868e0000 - 0x00007ffd86c63000 	C:\WINDOWS\System32\combase.dll
0x00007ffd86470000 - 0x00007ffd86549000 	C:\WINDOWS\System32\OLEAUT32.dll
0x00007ffd6cd10000 - 0x00007ffd6cd4b000 	C:\WINDOWS\SYSTEM32\dbgcore.DLL
0x00007ffd849d0000 - 0x00007ffd84a78000 	C:\WINDOWS\System32\bcryptPrimitives.dll
0x00007ffd71300000 - 0x00007ffd71320000 	C:\Program Files\Android\Android Studio\jbr\bin\java.dll
0x00007ffd712e0000 - 0x00007ffd712f8000 	C:\Program Files\Android\Android Studio\jbr\bin\zip.dll
0x00007ffd85500000 - 0x00007ffd85c6e000 	C:\WINDOWS\System32\SHELL32.dll
0x00007ffd84bd0000 - 0x00007ffd8543c000 	C:\WINDOWS\System32\windows.storage.dll
0x00007ffd87510000 - 0x00007ffd87606000 	C:\WINDOWS\System32\SHCORE.dll
0x00007ffd86080000 - 0x00007ffd860e6000 	C:\WINDOWS\System32\shlwapi.dll
0x00007ffd84010000 - 0x00007ffd84039000 	C:\WINDOWS\SYSTEM32\profapi.dll
0x00007ffd752f0000 - 0x00007ffd75300000 	C:\Program Files\Android\Android Studio\jbr\bin\net.dll
0x00007ffd7cf00000 - 0x00007ffd7d029000 	C:\WINDOWS\SYSTEM32\WINHTTP.dll
0x00007ffd833f0000 - 0x00007ffd8345c000 	C:\WINDOWS\system32\mswsock.dll
0x00007ffd712c0000 - 0x00007ffd712d6000 	C:\Program Files\Android\Android Studio\jbr\bin\nio.dll
0x00007ffd73730000 - 0x00007ffd73739000 	C:\Program Files\Android\Android Studio\jbr\bin\management.dll
0x00007ffd711f0000 - 0x00007ffd711fb000 	C:\Program Files\Android\Android Studio\jbr\bin\management_ext.dll
0x00007ffd863d0000 - 0x00007ffd863d8000 	C:\WINDOWS\System32\PSAPI.DLL
0x00007ffd71170000 - 0x00007ffd71180000 	C:\Program Files\Android\Android Studio\jbr\bin\verify.dll

JVMTI agents: none

dbghelp: loaded successfully - version: 4.0.5 - missing functions: none
symbol engine: initialized successfully - sym options: 0x614 - pdb path: .;C:\Program Files\Android\Android Studio\jbr\bin;C:\WINDOWS\SYSTEM32;C:\WINDOWS\WinSxS\amd64_microsoft.windows.common-controls_6595b64144ccf1df_6.0.26100.8457_none_3e0b2faee331e92d;C:\Program Files\Android\Android Studio\jbr\bin\server

VM Arguments:
java_command: org.jetbrains.kotlin.cli.jvm.K2JVMCompiler @C:\Users\roemm\StudioProjects\ProfeDex\app\build\20260525_16577287124429319430.compiler.options
java_class_path (initial): C:\Users\roemm\.gradle\caches\modules-2\files-2.1\org.jetbrains.kotlin\kotlin-compiler-embeddable\2.2.10\6882d39ef03b18879c1a5d2a83c2212361bed5fe\kotlin-compiler-embeddable-2.2.10.jar;C:\Users\roemm\.gradle\caches\modules-2\files-2.1\org.jetbrains.kotlin\kotlin-stdlib\2.2.10\30de6faa127a4a012db8e71bf1b9c0a99b1402b2\kotlin-stdlib-2.2.10.jar;C:\Users\roemm\.gradle\caches\modules-2\files-2.1\org.jetbrains.kotlin\kotlin-script-runtime\2.2.10\712f9bc08f378c13a4a00f0bbb28c76e59183e83\kotlin-script-runtime-2.2.10.jar;C:\Users\roemm\.gradle\caches\modules-2\files-2.1\org.jetbrains.kotlin\kotlin-reflect\1.6.10\1cbe9c92c12a94eea200d23c2bbaedaf3daf5132\kotlin-reflect-1.6.10.jar;C:\Users\roemm\.gradle\caches\modules-2\files-2.1\org.jetbrains.kotlin\kotlin-daemon-embeddable\2.2.10\212fd3c2c6e4e5d0f4db3c4191233e2b622380cc\kotlin-daemon-embeddable-2.2.10.jar;C:\Users\roemm\.gradle\caches\modules-2\files-2.1\org.jetbrains.kotlinx\kotlinx-coroutines-core-jvm\1.8.0\ac1dc37a30a93150b704022f8d895ee1bd3a36b3\kotlinx-coroutines-core-jvm-1.8.0.jar;C:\Users\roemm\.gradle\caches\modules-2\files-2.1\org.jetbrains\annotations\13.0\919f0dfe192fb4e063e7dacadee7f8bb9a2672a9\annotations-13.0.jar
Launcher Type: SUN_STANDARD

[Global flags]
     intx CICompilerCount                          = 4                                         {product} {ergonomic}
     uint ConcGCThreads                            = 3                                         {product} {ergonomic}
     uint G1ConcRefinementThreads                  = 10                                        {product} {ergonomic}
   size_t G1HeapRegionSize                         = 1048576                                   {product} {ergonomic}
    uintx GCDrainStackTargetSize                   = 64                                        {product} {ergonomic}
   size_t InitialHeapSize                          = 123731968                                 {product} {ergonomic}
   size_t MarkStackSize                            = 4194304                                   {product} {ergonomic}
   size_t MaxHeapSize                              = 1967128576                                {product} {ergonomic}
   size_t MaxNewSize                               = 1179648000                                {product} {ergonomic}
   size_t MinHeapDeltaBytes                        = 1048576                                   {product} {ergonomic}
   size_t MinHeapSize                              = 8388608                                   {product} {ergonomic}
    uintx NonNMethodCodeHeapSize                   = 5839372                                {pd product} {ergonomic}
    uintx NonProfiledCodeHeapSize                  = 122909434                              {pd product} {ergonomic}
    uintx ProfiledCodeHeapSize                     = 122909434                              {pd product} {ergonomic}
    uintx ReservedCodeCacheSize                    = 251658240                              {pd product} {ergonomic}
     bool SegmentedCodeCache                       = true                                      {product} {ergonomic}
   size_t SoftMaxHeapSize                          = 1967128576                             {manageable} {ergonomic}
     bool UseCompressedOops                        = true                           {product lp64_product} {ergonomic}
     bool UseG1GC                                  = true                                      {product} {ergonomic}
     bool UseLargePagesIndividualAllocation        = false                                  {pd product} {ergonomic}

Logging:
Log output configuration:
 #0: stdout all=warning uptime,level,tags foldmultilines=false
 #1: stderr all=off uptime,level,tags foldmultilines=false

Release file:
JAVA_VERSION="21.0.10" 
MODULES="java.base java.compiler java.datatransfer java.xml java.prefs java.desktop java.instrument java.logging java.management java.security.sasl java.naming java.rmi java.management.rmi java.net.http java.scripting java.security.jgss java.transaction.xa java.sql java.sql.rowset java.xml.crypto java.se java.smartcardio jdk.accessibility jdk.internal.jvmstat jdk.attach jdk.charsets jdk.internal.opt jdk.zipfs jdk.compiler jdk.crypto.ec jdk.crypto.cryptoki jdk.dynalink jdk.hotspot.agent jdk.httpserver jdk.internal.ed jdk.internal.le jdk.internal.vm.ci jdk.jartool jdk.javadoc jdk.jcmd jdk.jdeps jdk.jdwp.agent jdk.jdi jdk.jfr jdk.jlink jdk.jsobject jdk.localedata jdk.management jdk.management.agent jdk.management.jfr jdk.naming.dns jdk.naming.rmi jdk.net jdk.sctp jdk.security.auth jdk.security.jgss jdk.unsupported jdk.unsupported.desktop jdk.xml.dom" 
IMPLEMENTOR="JetBrains s.r.o." 
JAVA_RUNTIME_VERSION="21.0.10+-14961533-b1163.108" 
LIBC="default" 
OS_ARCH="x86_64" 
OS_NAME="Windows" 
SOURCE=".:git:1351622c2ff2" 

Environment Variables:
PATH=C:\Program Files\Common Files\Oracle\Java\javapath;C:\WINDOWS\system32;C:\WINDOWS;C:\WINDOWS\System32\Wbem;C:\WINDOWS\System32\WindowsPowerShell\v1.0\;C:\WINDOWS\System32\OpenSSH\;C:\Program Files (x86)\NVIDIA Corporation\PhysX\Common;C:\Program Files\dotnet\;C:\Program Files\Microsoft SQL Server\150\Tools\Binn\;C:\Program Files\Wolfram Research\WolframScript\;C:\Program Files (x86)\Microsoft SQL Server\160\Tools\Binn\;C:\Program Files\Microsoft SQL Server\160\Tools\Binn\;C:\Program Files\Microsoft SQL Server\Client SDK\ODBC\170\Tools\Binn\;C:\Program Files\Microsoft SQL Server\160\DTS\Binn\;C:\Program Files\Microsoft SQL Server\170\DTS\Binn\;C:\Program Files\Microsoft SQL Server\170\Tools\Binn\;C:\Program Files\Git\cmd;C:\Program Files\NVIDIA Corporation\NVIDIA App\NvDLISR;C:\Users\roemm\AppData\Local\Programs\Python\Python314\Scripts\;C:\Users\roemm\AppData\Local\Programs\Python\Python314\;C:\Users\roemm\AppData\Local\Programs\Python\Launcher\;C:\Users\roemm\AppData\Local\Microsoft\WindowsApps;C:\Users\roemm\.dotnet\tools;C:\Users\roemm\AppData\Local\Programs\Microsoft VS Code\bin;C:\Users\roemm\AppData\Local\Python\bin
USERNAME=roemm
OS=Windows_NT
PROCESSOR_IDENTIFIER=AMD64 Family 25 Model 68 Stepping 1, AuthenticAMD
TMP=C:\Users\roemm\AppData\Local\Temp
TEMP=C:\Users\roemm\AppData\Local\Temp




Periodic native trim disabled

JNI global refs:
JNI global refs: 12, weak refs: 8

JNI global refs memory usage: 835, weak refs: 833

Process memory usage:
Resident Set Size: 228796K (2% of 7678756K total physical memory with 319084K free physical memory)

OOME stack traces (most recent first):
Classloader memory used:
Loader jdk.internal.loader.ClassLoaders$AppClassLoader                                 : 42077K
Loader bootstrap                                                                       : 11560K
Loader jdk.internal.jrtfs.JrtFileSystemProvider$JrtFsLoader                            : 320K
Loader java.net.URLClassLoader                                                         : 274K
Loader jdk.internal.loader.ClassLoaders$PlatformClassLoader                            : 67880B

Classes loaded by more than one classloader:
Class jdk.internal.jimage.BasicImageReader                                            : loaded 2 times (x 95B)
Class jdk.internal.jimage.decompressor.StringSharingDecompressorFactory               : loaded 2 times (x 74B)
Class jdk.internal.jrtfs.JrtFileSystemProvider                                        : loaded 2 times (x 101B)
Class jdk.internal.jimage.ImageLocation                                               : loaded 2 times (x 90B)
Class jdk.internal.jimage.ImageBufferCache$1                                          : loaded 2 times (x 83B)
Class jdk.internal.jimage.ImageBufferCache$2                                          : loaded 2 times (x 91B)
Class jdk.internal.jimage.ImageHeader                                                 : loaded 2 times (x 71B)
Class jdk.internal.jimage.decompressor.ResourceDecompressor                           : loaded 2 times (x 70B)
Class jdk.internal.jimage.ImageStringsReader                                          : loaded 2 times (x 80B)
Class jdk.internal.jimage.ImageReader                                                 : loaded 2 times (x 75B)
Class jdk.internal.jimage.ImageReader$SharedImageReader                               : loaded 2 times (x 95B)
Class jdk.internal.jimage.decompressor.ResourceDecompressorFactory                    : loaded 2 times (x 74B)
Class jdk.internal.jimage.ImageReader$Node                                            : loaded 2 times (x 84B)
Class jdk.internal.jimage.BasicImageReader$1                                          : loaded 2 times (x 77B)
Class jdk.internal.jimage.decompressor.Decompressor                                   : loaded 2 times (x 72B)
Class jdk.internal.jimage.ImageBufferCache                                            : loaded 2 times (x 71B)
Class jdk.internal.jrtfs.JrtPath                                                      : loaded 2 times (x 118B)
Class jdk.internal.jimage.decompressor.ResourceDecompressorRepository                 : loaded 2 times (x 71B)
Class jdk.internal.jimage.ImageReader$Directory                                       : loaded 2 times (x 84B)
Class jdk.internal.jimage.decompressor.ZipDecompressorFactory                         : loaded 2 times (x 74B)
Class jdk.internal.jimage.decompressor.ZipDecompressor                                : loaded 2 times (x 75B)
Class jdk.internal.jimage.ImageStrings                                                : loaded 2 times (x 70B)
Class jdk.internal.jrtfs.JrtFileSystem                                                : loaded 2 times (x 102B)
Class jdk.internal.jimage.decompressor.CompressedResourceHeader                       : loaded 2 times (x 71B)
Class jdk.internal.jimage.decompressor.ResourceDecompressor$StringsProvider           : loaded 2 times (x 70B)

---------------  S Y S T E M  ---------------

OS:
 Windows 11 , 64 bit Build 26100 (10.0.26100.8328)
OS uptime: 0 days 23:01 hours
Hyper-V role detected

CPU: total 12 (initial active 12) (12 cores per cpu, 2 threads per core) family 25 model 68 stepping 1 microcode 0xa404102, cx8, cmov, fxsr, ht, mmx, 3dnowpref, sse, sse2, sse3, ssse3, sse4a, sse4.1, sse4.2, popcnt, lzcnt, tsc, tscinvbit, avx, avx2, aes, erms, clmul, bmi1, bmi2, adx, sha, fma, vzeroupper, clflush, clflushopt, hv, rdtscp, rdpid, fsrm, f16c, cet_ss
Processor Information for the first 12 processors :
  Max Mhz: 3301, Current Mhz: 3301, Mhz Limit: 3301

Memory: 4k page, system-wide physical 7498M (312M free)
TotalPageFile size 30026M (AvailPageFile size 47M)
current process WorkingSet (physical memory assigned to process): 224M, peak: 242M
current process commit charge ("private bytes"): 279M, peak: 315M

vm_info: OpenJDK 64-Bit Server VM (21.0.10+-14961533-b1163.108) for windows-amd64 JRE (21.0.10+-14961533-b1163.108), built on 2026-03-02T19:58:50Z by "builder" with MS VC++ 16.10 / 16.11 (VS2019)

END.
